
> temp_app@0.1.0 build
> next build

▲ Next.js 16.1.6 (Turbopack)

  Creating an optimized production build ...
✓ Compiled successfully in 7.6s
  Running TypeScript ...
Failed to compile.

./scripts/test-chaty.ts:32:15
Type error: Invalid character.

[0m [90m 30 |[39m
 [90m 31 |[39m [36masync[39m [36mfunction[39m runTests() {
[31m[1m>[22m[39m[90m 32 |[39m   console[33m.[39mlog([37m[41m[1m\[22m[49m[39m[32m`Running Chaty Routing Tests against \${WEBHOOK_URL}...\`);[39m
 [90m    |[39m               [31m[1m^[22m[39m
 [90m 33 |[39m [32m  [39m
 [90m 34 |[39m [32m  let passed = 0;[39m
 [90m 35 |[39m [32m  [39m[0m
Next.js build worker exited with code: 1 and signal: null
